===== 1bit run 1/4 : tot1b_s7 =====
=== top_adpll: scenario=default  FCW=80.250000 (8.025000 GHz)  N=262144 (2.621 ms) ===
    DCO: f_lo=7.6700 GHz, pbank step 19.0 MHz, abank LSB 58.7 kHz (span 30 MHz/511)
    DCO PN spec: piecewise 4 pts (f Hz,dBc/Hz): 100000,1000000,10000000,100000000 | -76,-105,-129,-151
    TDC INL: on, RMS 1.00 LSB (smoothed random)
    DTC spec model: INL 2.00 LSB RMS (realized 2.09), DNL 1.00 LSB RMS (realized 0.99), PN floor -160 dBc/Hz @100 MHz = 159.2 fs RMS jitter
afc: pbank=18 (f0=8.0129 GHz), finish@35.8 us
abank_final=206.41, freq_ctrl_final=167.000
fll_lock_time  = 143.49 us
lock_time_us   = 150.39  (spec 200)
phe_rms_fs     = 1356.15  (spec 200; TDC quant-noise floor ~141 fs)
freq_err_hz    = 4090.5 (0.510 ppm)
kdtc_final     = 269.35 (target 280.0, err -3.80%)
frac spur      = -34.87 dBc  (rms 2.87e-03 cyc)
2nd-harm spur  = -44.12 dBc  (rms 9.90e-04 cyc)
g2_final       = -0.02975 (target -0.00000)
[Warning: MATLAB has disabled some advanced graphics rendering features by
switching to software OpenGL. For more information, click <a
href="matlab:opengl('problems')">here</a>.] 
outputs -> /home/gmei/git/oephy/alg0914/TOP/output/nb_tot1b_s7
       tot1b_s7 :    150.4      1420.9      -89.9
   switches=7567 rate=8kHz mean|dstep|=1.00
===== 1bit run 2/4 : tot1b_s1 =====
=== top_adpll: scenario=default  FCW=80.250000 (8.025000 GHz)  N=262144 (2.621 ms) ===
    DCO: f_lo=7.6700 GHz, pbank step 19.0 MHz, abank LSB 58.7 kHz (span 30 MHz/511)
    DCO PN spec: piecewise 4 pts (f Hz,dBc/Hz): 100000,1000000,10000000,100000000 | -76,-105,-129,-151
    TDC INL: on, RMS 1.00 LSB (smoothed random)
    DTC spec model: INL 2.00 LSB RMS (realized 2.09), DNL 1.00 LSB RMS (realized 1.01), PN floor -160 dBc/Hz @100 MHz = 159.2 fs RMS jitter
afc: pbank=18 (f0=8.0129 GHz), finish@35.8 us
abank_final=206.61, freq_ctrl_final=163.000
fll_lock_time  = 138.37 us
lock_time_us   = 147.59  (spec 200)
phe_rms_fs     = 1967.22  (spec 200; TDC quant-noise floor ~141 fs)
freq_err_hz    = 16313.0 (2.033 ppm)
kdtc_final     = 280.50 (target 280.0, err 0.18%)
frac spur      = -40.09 dBc  (rms 1.58e-03 cyc)
2nd-harm spur  = -30.03 dBc  (rms 5.02e-03 cyc)
g2_final       = 0.00956 (target -0.00000)
outputs -> /home/gmei/git/oephy/alg0914/TOP/output/nb_tot1b_s1
       tot1b_s1 :    147.6      1449.8      -93.9
   switches=11237 rate=12kHz mean|dstep|=1.00
===== 1bit run 3/4 : tot1b_s3 =====
=== top_adpll: scenario=default  FCW=80.250000 (8.025000 GHz)  N=262144 (2.621 ms) ===
    DCO: f_lo=7.6700 GHz, pbank step 19.0 MHz, abank LSB 58.7 kHz (span 30 MHz/511)
    DCO PN spec: piecewise 4 pts (f Hz,dBc/Hz): 100000,1000000,10000000,100000000 | -76,-105,-129,-151
    TDC INL: on, RMS 1.00 LSB (smoothed random)
    DTC spec model: INL 2.00 LSB RMS (realized 2.11), DNL 1.00 LSB RMS (realized 0.96), PN floor -160 dBc/Hz @100 MHz = 159.2 fs RMS jitter
afc: pbank=18 (f0=8.0129 GHz), finish@35.8 us
abank_final=206.32, freq_ctrl_final=163.000
fll_lock_time  = 138.37 us
lock_time_us   = 149.99  (spec 200)
phe_rms_fs     = 1540.22  (spec 200; TDC quant-noise floor ~141 fs)
freq_err_hz    = -21.2 (-0.003 ppm)
kdtc_final     = 277.50 (target 280.0, err -0.89%)
frac spur      = -41.05 dBc  (rms 1.41e-03 cyc)
2nd-harm spur  = -30.88 dBc  (rms 4.55e-03 cyc)
g2_final       = 0.00943 (target -0.00000)
outputs -> /home/gmei/git/oephy/alg0914/TOP/output/nb_tot1b_s3
       tot1b_s3 :    150.0      1479.1      -94.6
   switches=7957 rate=8kHz mean|dstep|=1.00
===== 1bit run 4/4 : tot1b_ng =====
=== top_adpll: scenario=default  FCW=80.250000 (8.025000 GHz)  N=262144 (2.621 ms) ===
    DCO: f_lo=7.6700 GHz, pbank step 19.0 MHz, abank LSB 58.7 kHz (span 30 MHz/511)
    DCO PN spec: piecewise 4 pts (f Hz,dBc/Hz): 100000,1000000,10000000,100000000 | -76,-105,-129,-151
    TDC INL: on, RMS 1.00 LSB (smoothed random)
    DTC spec model: INL 2.00 LSB RMS (realized 2.09), DNL 1.00 LSB RMS (realized 0.99), PN floor -160 dBc/Hz @100 MHz = 159.2 fs RMS jitter
afc: pbank=18 (f0=8.0129 GHz), finish@35.8 us
abank_final=206.47, freq_ctrl_final=167.000
fll_lock_time  = 143.49 us
lock_time_us   = 149.91  (spec 200)
phe_rms_fs     = 500.35  (spec 200; TDC quant-noise floor ~141 fs)
freq_err_hz    = 8550.7 (1.066 ppm)
kdtc_final     = 269.74 (target 280.0, err -3.67%)
frac spur      = -35.46 dBc  (rms 2.68e-03 cyc)
2nd-harm spur  = -42.76 dBc  (rms 1.16e-03 cyc)
g2_final       = -0.03046 (target -0.00000)
outputs -> /home/gmei/git/oephy/alg0914/TOP/output/nb_tot1b_ng
       tot1b_ng :    149.9       225.9      -90.7
   switches=4659 rate=5kHz mean|dstep|=1.00
done (nb_1bit)
