
===== noise_budget 1/25 : total (cached from output/default) =====
   locked @ 147.4 us, seg from 1650 us | sigma_t = 1178.3 fs | spur25 -129.4 dBc  L(50k)=-109  L(200k)=-89  L(1000k)=-110  L(5000k)=-121

===== noise_budget 2/25 : dco (cached from output/nb_dco) =====
   locked @ 145.3 us, seg from 1650 us | sigma_t = 325.4 fs | spur25 -130.7 dBc  L(50k)=-130  L(200k)=-106  L(1000k)=-117  L(5000k)=-124

===== noise_budget 3/25 : tdc (cached from output/nb_tdc) =====
   locked @ 145.3 us, seg from 1650 us | sigma_t = 0.0 fs | spur25 -364.2 dBc  L(50k)=-317  L(200k)=-324  L(1000k)=-337  L(5000k)=-351

===== noise_budget 4/25 : dtc (cached from output/nb_dtc) =====
   locked @ 145.3 us, seg from 1650 us | sigma_t = 79.2 fs | spur25 -156.7 dBc  L(50k)=-120  L(200k)=-112  L(1000k)=-144  L(5000k)=-152

===== noise_budget 5/25 : dsm (cached from output/nb_dsm) =====
   locked @ 146.0 us, seg from 1650 us | sigma_t = 606.0 fs | spur25 -138.2 dBc  L(50k)=-116  L(200k)=-106  L(1000k)=-139  L(5000k)=-155

===== noise_budget 6/25 : dsmq (cached from output/nb_dsmq) =====
   locked @ 146.0 us, seg from 1650 us | sigma_t = 56.4 fs | spur25 -135.4 dBc  L(50k)=-109  L(200k)=-126  L(1000k)=-149  L(5000k)=-156

===== noise_budget 7/25 : tdcq (cached from output/nb_tdcq) =====
   locked @ 146.1 us, seg from 1650 us | sigma_t = 12.2 fs | spur25 -155.5 dBc  L(50k)=-122  L(200k)=-125  L(1000k)=-149  L(5000k)=-157

===== noise_budget 8/25 : tdcinlq (cached from output/nb_tdcinlq) =====
   locked @ 145.4 us, seg from 1650 us | sigma_t = 884.9 fs | spur25 -142.2 dBc  L(50k)=-111  L(200k)=-107  L(1000k)=-140  L(5000k)=-154

===== noise_budget 9/25 : glitch (cached from output/nb_glitch) =====
   locked @ 144.8 us, seg from 1650 us | sigma_t = 1107.4 fs | spur25 -138.9 dBc  L(50k)=-113  L(200k)=-92  L(1000k)=-113  L(5000k)=-125

===== noise_budget 10/25 : refjit (cached from output/nb_refjit) =====
   locked @ 145.3 us, seg from 1650 us | sigma_t = 24.4 fs | spur25 -161.5 dBc  L(50k)=-131  L(200k)=-121  L(1000k)=-147  L(5000k)=-150

===== noise_budget 11/25 : tdcnq (cached from output/nb_tdcnq) =====
   locked @ 146.1 us, seg from 1650 us | sigma_t = 108.0 fs | spur25 -161.0 dBc  L(50k)=-101  L(200k)=-117  L(1000k)=-148  L(5000k)=-148

===== noise_budget 12/25 : glitch10 (cached from output/nb_glitch10) =====
   locked @ 145.3 us, seg from 1650 us | sigma_t = 0.0 fs | spur25 -364.2 dBc  L(50k)=-317  L(200k)=-324  L(1000k)=-337  L(5000k)=-351

===== noise_budget 13/25 : glitch30 (cached from output/nb_glitch30) =====
   locked @ 145.3 us, seg from 1650 us | sigma_t = 0.0 fs | spur25 -364.2 dBc  L(50k)=-317  L(200k)=-324  L(1000k)=-337  L(5000k)=-351

===== noise_budget 14/25 : glitch300 (cached from output/nb_glitch300) =====
   locked @ 146.1 us, seg from 1650 us | sigma_t = 0.0 fs | spur25 -375.3 dBc  L(50k)=-322  L(200k)=-334  L(1000k)=-348  L(5000k)=-362

===== noise_budget 15/25 : total_m2 (cached from output/nb_total_m2) =====
   locked @ 147.4 us, seg from 1650 us | sigma_t = 877.3 fs | spur25 -129.3 dBc  L(50k)=-106  L(200k)=-92  L(1000k)=-110  L(5000k)=-122

===== noise_budget 16/25 : glitch_m2 (cached from output/nb_glitch_m2) =====
   locked @ 144.8 us, seg from 1650 us | sigma_t = 795.5 fs | spur25 -142.7 dBc  L(50k)=-115  L(200k)=-95  L(1000k)=-114  L(5000k)=-128

===== noise_budget 17/25 : glitch_m2_10 (cached from output/nb_glitch_m2_10) =====
   locked @ 145.3 us, seg from 1650 us | sigma_t = 0.0 fs | spur25 -364.2 dBc  L(50k)=-317  L(200k)=-324  L(1000k)=-337  L(5000k)=-351

===== noise_budget 18/25 : glitch_m2_30 (cached from output/nb_glitch_m2_30) =====
   locked @ 145.3 us, seg from 1650 us | sigma_t = 0.0 fs | spur25 -364.2 dBc  L(50k)=-317  L(200k)=-324  L(1000k)=-337  L(5000k)=-351

===== noise_budget 19/25 : glitch_m2_300 (cached from output/nb_glitch_m2_300) =====
   locked @ 145.5 us, seg from 1650 us | sigma_t = 2542.8 fs | spur25 -128.4 dBc  L(50k)=-104  L(200k)=-85  L(1000k)=-102  L(5000k)=-119

===== noise_budget 20/25 : glitch_m2_s1 (cached from output/nb_glitch_m2_s1) =====
   locked @ 145.2 us, seg from 1650 us | sigma_t = 822.4 fs | spur25 -139.0 dBc  L(50k)=-114  L(200k)=-95  L(1000k)=-114  L(5000k)=-128

===== noise_budget 21/25 : glitch_m2_s2 (cached from output/nb_glitch_m2_s2) =====
   locked @ 145.2 us, seg from 1650 us | sigma_t = 818.7 fs | spur25 -141.4 dBc  L(50k)=-115  L(200k)=-93  L(1000k)=-115  L(5000k)=-126

===== noise_budget 22/25 : glitch_m2_s3 (cached from output/nb_glitch_m2_s3) =====
   locked @ 145.4 us, seg from 1650 us | sigma_t = 737.2 fs | spur25 -140.7 dBc  L(50k)=-117  L(200k)=-96  L(1000k)=-114  L(5000k)=-128

===== noise_budget run 23/25 : dsmq_m2 =====
=== top_adpll: scenario=default  FCW=80.250000 (8.025000 GHz)  N=262144 (2.621 ms) ===
    DCO: f_lo=7.6700 GHz, pbank step 19.0 MHz, abank LSB 58.7 kHz (span 30 MHz/511)
    DTC spec model: INL 2.00 LSB RMS (realized 2.10), DNL 1.00 LSB RMS (realized 1.02), PN floor -300 dBc/Hz @100 MHz = 0.0 fs RMS jitter
afc: pbank=18 (f0=8.0129 GHz), finish@35.8 us
abank_final=206.00, freq_ctrl_final=163.000
fll_lock_time  = 138.37 us
lock_time_us   = 145.99  (spec 200)
phe_rms_fs     = 975.86  (spec 200; TDC quant-noise floor ~141 fs)
freq_err_hz    = 5.2 (0.001 ppm)
kdtc_final     = 279.36 (target 280.0, err -0.23%)
frac spur      = -36.05 dBc  (rms 2.51e-03 cyc)
2nd-harm spur  = -29.26 dBc  (rms 5.48e-03 cyc)
g2_final       = -0.01043 (target -0.00000)
[Warning: MATLAB has disabled some advanced graphics rendering features by
switching to software OpenGL. For more information, click <a
href="matlab:opengl('problems')">here</a>.] 
outputs -> /home/gmei/git/dpll/alg0908/TOP/output/nb_dsmq_m2
   locked @ 146.0 us, seg from 1650 us | sigma_t = 54.4 fs | spur25 -140.1 dBc  L(50k)=-108  L(200k)=-123  L(1000k)=-151  L(5000k)=-173

===== noise_budget run 24/25 : tdcq_m2 =====
=== top_adpll: scenario=default  FCW=80.250000 (8.025000 GHz)  N=262144 (2.621 ms) ===
    DCO: f_lo=7.6700 GHz, pbank step 19.0 MHz, abank LSB 58.7 kHz (span 30 MHz/511)
    DTC spec model: INL 0.00 LSB RMS (realized 0.00), DNL 0.00 LSB RMS (realized 0.00), PN floor -300 dBc/Hz @100 MHz = 0.0 fs RMS jitter
afc: pbank=18 (f0=8.0129 GHz), finish@35.8 us
abank_final=206.00, freq_ctrl_final=163.000
fll_lock_time  = 138.37 us
lock_time_us   = 146.11  (spec 200)
phe_rms_fs     = 28.12  (spec 200; TDC quant-noise floor ~141 fs)
freq_err_hz    = 0.4 (0.000 ppm)
kdtc_final     = 282.44 (target 280.0, err 0.87%)
frac spur      = -88.48 dBc  (rms 5.99e-06 cyc)
2nd-harm spur  = -103.95 dBc  (rms 1.01e-06 cyc)
g2_final       = 0.00068 (target -0.00000)
outputs -> /home/gmei/git/dpll/alg0908/TOP/output/nb_tdcq_m2
   locked @ 146.1 us, seg from 1650 us | sigma_t = 11.9 fs | spur25 -189.5 dBc  L(50k)=-120  L(200k)=-130  L(1000k)=-155  L(5000k)=-180

===== noise_budget run 25/25 : tdcinlq_m2 =====
=== top_adpll: scenario=default  FCW=80.250000 (8.025000 GHz)  N=262144 (2.621 ms) ===
    DCO: f_lo=7.6700 GHz, pbank step 19.0 MHz, abank LSB 58.7 kHz (span 30 MHz/511)
    TDC INL: on, RMS 1.00 LSB (smoothed random)
    DTC spec model: INL 2.00 LSB RMS (realized 2.12), DNL 1.00 LSB RMS (realized 1.02), PN floor -300 dBc/Hz @100 MHz = 0.0 fs RMS jitter
afc: pbank=18 (f0=8.0129 GHz), finish@35.8 us
abank_final=206.00, freq_ctrl_final=163.000
fll_lock_time  = 138.37 us
lock_time_us   = 145.39  (spec 200)
phe_rms_fs     = 522.66  (spec 200; TDC quant-noise floor ~141 fs)
freq_err_hz    = 4.8 (0.001 ppm)
kdtc_final     = 286.40 (target 280.0, err 2.29%)
frac spur      = -40.67 dBc  (rms 1.47e-03 cyc)
2nd-harm spur  = -42.21 dBc  (rms 1.23e-03 cyc)
g2_final       = -0.01445 (target -0.00000)
outputs -> /home/gmei/git/dpll/alg0908/TOP/output/nb_tdcinlq_m2
   locked @ 145.4 us, seg from 1650 us | sigma_t = 874.9 fs | spur25 -144.6 dBc  L(50k)=-110  L(200k)=-108  L(1000k)=-143  L(5000k)=-165

noise_budget done -> /home/gmei/git/dpll/alg0908/TOP/output/noise_budget
  sigma_t (fs): total 1178 | DCO 325 | TDCq 12 | TDCinl 883 | DTC 79 | DSM 55 | glitch 1107
  additions (fs): REFjitter(50fs)=24 TDCthermal(0.1LSB)=107 | glitch sweep 10/30/100/300: 0/0/1107/0
  superposition: RSS(contributors) = 1456.6 fs vs total 1178.3 fs
  mode=2 (real 3-bit fbank): total 877 fs | glitch_m2 795 (sweep 10/30/100/300: 0/0/795/2543, seeds 7/1/2/3: 795/822/819/737)
  superposition_m2: RSS = 1229.0 fs vs total_m2 877.3 fs
